===================================================
scGPT 어노테이션 툴킷 시작
  데이터:  /home/oooo8962/scgpt-toolkit/data
  모델:    /home/oooo8962/scgpt-toolkit/model
  결과:    /home/oooo8962/scgpt-toolkit/outputs
===================================================
2026-07-01 19:04:44 [INFO] __main__ - config 검증 완료
2026-07-01 19:04:44 [INFO] __main__ - 디바이스: cuda
2026-07-01 19:04:45 [INFO] __main__ - ==================================================
2026-07-01 19:04:45 [INFO] __main__ - Step 1/7: 데이터 로드
2026-07-01 19:04:45 [INFO] run_annotation - Reference 로드: /workspace/data/c_data.h5ad
2026-07-01 19:04:45 [INFO] run_annotation - Query 로드: /workspace/data/filtered_ms_adata.h5ad
/opt/conda/lib/python3.10/site-packages/anndata/_core/anndata.py:1763: FutureWarning: The AnnData.concatenate method is deprecated in favour of the anndata.concat function. Please use anndata.concat instead.

See the tutorial for concat at: https://anndata.readthedocs.io/en/latest/concatenation.html
  warnings.warn(
/opt/conda/lib/python3.10/site-packages/anndata/_core/merge.py:1015: FutureWarning: The default value of 'ignore' for the `na_action` parameter in pandas.Categorical.map is deprecated and will be changed to 'None' in a future version. Please set na_action to the desired value to avoid seeing this warning
  concat_indices = concat_indices.str.cat(label_col.map(str), sep=index_unique)
/opt/conda/lib/python3.10/site-packages/anndata/_core/merge.py:1015: FutureWarning: The default value of 'ignore' for the `na_action` parameter in pandas.Categorical.map is deprecated and will be changed to 'None' in a future version. Please set na_action to the desired value to avoid seeing this warning
  concat_indices = concat_indices.str.cat(label_col.map(str), sep=index_unique)
/opt/conda/lib/python3.10/site-packages/anndata/_core/anndata.py:788: UserWarning: 
AnnData expects .var.index to contain strings, but got values like:
    ['CFH', 'BAD', 'LAP3', 'CD99', 'WNT16']

    Inferred to be: categorical

  value_idx = self._prep_dim_index(value.index, attr)
/opt/conda/lib/python3.10/site-packages/anndata/_core/anndata.py:788: UserWarning: 
AnnData expects .var.index to contain strings, but got values like:
    ['CFH', 'BAD', 'LAP3', 'CD99', 'WNT16']

    Inferred to be: categorical

  value_idx = self._prep_dim_index(value.index, attr)
2026-07-01 19:04:45 [INFO] run_annotation -   Reference: 7844 세포
2026-07-01 19:04:45 [INFO] run_annotation -   Query:     13468 세포
2026-07-01 19:04:45 [INFO] run_annotation -   Cell type: 18종 → ['PVALB-expressing interneuron', 'SST-expressing interneuron', 'SV2C-expressing interneuron', 'VIP-expressing interneuron', 'astrocyte', 'cortical layer 2-3 excitatory neuron A', 'cortical layer 2-3 excitatory neuron B', 'cortical layer 4 excitatory neuron', 'cortical layer 5-6 excitatory neuron', 'endothelial cell', 'microglial cell', 'mixed excitatory neuron', 'mixed glial cell?', 'oligodendrocyte A', 'oligodendrocyte C', 'oligodendrocyte precursor cell', 'phagocyte', 'pyramidal neuron?']
2026-07-01 19:04:45 [INFO] __main__ - ==================================================
2026-07-01 19:04:45 [INFO] __main__ - Step 2/7: vocab 로드 및 유전자 필터링
2026-07-01 19:04:46 [INFO] datasets - PyTorch version 2.0.1 available.
2026-07-01 19:04:46 [INFO] datasets - JAX version 0.4.30 available.
2026-07-01 19:04:46 [INFO] run_annotation - vocab 교집합: 3000 → 2808 유전자
2026-07-01 19:04:46 [INFO] __main__ - ==================================================
2026-07-01 19:04:46 [INFO] __main__ - Step 3/7: 전처리
2026-07-01 19:04:46 [INFO] run_annotation - Reference 전처리 중...
scGPT - INFO - Normalizing total counts ...
/opt/conda/lib/python3.10/site-packages/scanpy/preprocessing/_normalization.py:207: UserWarning: Received a view of an AnnData. Making a copy.
  view_to_actual(adata)
scGPT - INFO - Binning data ...
2026-07-01 19:04:49 [INFO] run_annotation - Query 전처리 중...
scGPT - INFO - Normalizing total counts ...
scGPT - INFO - Binning data ...
scGPT - INFO - Normalizing total counts ...
scGPT - INFO - Binning data ...
scGPT - INFO - Normalizing total counts ...
scGPT - INFO - Binning data ...
2026-07-01 19:04:58 [INFO] __main__ - ==================================================
2026-07-01 19:04:58 [INFO] __main__ - Step 4/7: 토크나이징 및 DataLoader 준비
2026-07-01 19:04:59 [INFO] run_annotation - train: 7059개, valid: 785개
2026-07-01 19:04:59 [INFO] __main__ - ==================================================
2026-07-01 19:04:59 [INFO] __main__ - Step 5/7: 모델 로드
2026-07-01 19:04:59 [INFO] run_annotation - 가중치 로드: /workspace/model/best_model.pt
2026-07-01 19:05:00 [INFO] run_annotation -   부분 로드: 159개 파라미터
2026-07-01 19:05:00 [INFO] __main__ - ==================================================
2026-07-01 19:05:00 [INFO] __main__ - Step 6/7: Fine-tuning
2026-07-01 19:05:00 [INFO] run_annotation - Fine-tuning 시작
Traceback (most recent call last):
  File "/workspace/src/run.py", line 100, in <module>
    main()
  File "/workspace/src/run.py", line 88, in main
    finetune(model, train_loader, valid_loader, vocab, cfg, device)
  File "/workspace/src/run_annotation.py", line 279, in finetune
    out  = model(gene_ids_b, values_b,
  File "/opt/conda/lib/python3.10/site-packages/torch/nn/modules/module.py", line 1501, in _call_impl
    return forward_call(*args, **kwargs)
  File "/opt/conda/lib/python3.10/site-packages/scgpt/model/model.py", line 345, in forward
    transformer_output = self._encode(
  File "/opt/conda/lib/python3.10/site-packages/scgpt/model/model.py", line 179, in _encode
    values = self.value_encoder(values)  # (batch, seq_len, embsize)
  File "/opt/conda/lib/python3.10/site-packages/torch/nn/modules/module.py", line 1501, in _call_impl
    return forward_call(*args, **kwargs)
  File "/opt/conda/lib/python3.10/site-packages/scgpt/model/model.py", line 789, in forward
    x = self.activation(self.linear1(x))
  File "/opt/conda/lib/python3.10/site-packages/torch/nn/modules/module.py", line 1501, in _call_impl
    return forward_call(*args, **kwargs)
  File "/opt/conda/lib/python3.10/site-packages/torch/nn/modules/linear.py", line 114, in forward
    return F.linear(input, self.weight, self.bias)
RuntimeError: CUDA error: CUBLAS_STATUS_NOT_INITIALIZED when calling `cublasCreate(handle)`
