#0 building with "default" instance using docker driver

#1 [internal] load build definition from Dockerfile
#1 transferring dockerfile: 5.24kB done
#1 DONE 0.0s

#2 [internal] load metadata for docker.io/pytorch/pytorch:2.0.1-cuda11.7-cudnn8-devel
#2 DONE 1.1s

#3 [internal] load .dockerignore
#3 transferring context: 2B done
#3 DONE 0.0s

#4 [ 1/10] FROM docker.io/pytorch/pytorch:2.0.1-cuda11.7-cudnn8-devel@sha256:4f66166dd757752a6a6a9284686b4078e92337cd9d12d2e14d2d46274dfa9048
#4 DONE 0.0s

#5 [internal] load build context
#5 transferring context: 5.21kB done
#5 DONE 0.0s

#6 [ 2/10] WORKDIR /workspace
#6 CACHED

#7 [ 3/10] RUN apt-get update && apt-get install -y --no-install-recommends         git         build-essential         wget     && rm -rf /var/lib/apt/lists/*
#7 CACHED

#8 [ 4/10] COPY requirements.txt /tmp/requirements.txt
#8 DONE 0.0s

#9 [ 5/10] RUN pip install --no-cache-dir -r /tmp/requirements.txt
#9 1.128 Collecting numpy==1.26.4
#9 1.166   Downloading numpy-1.26.4-cp310-cp310-manylinux_2_17_x86_64.manylinux2014_x86_64.whl (18.2 MB)
#9 8.088      ━━━━━━━━━━━━━━━━━━━━━━━━━━━━━━━━━━━━━━━━ 18.2/18.2 MB 2.4 MB/s eta 0:00:00
#9 8.517 Collecting scipy==1.13.1
#9 8.520   Downloading scipy-1.13.1-cp310-cp310-manylinux_2_17_x86_64.manylinux2014_x86_64.whl (38.6 MB)
#9 24.87      ━━━━━━━━━━━━━━━━━━━━━━━━━━━━━━━━━━━━━━━━ 38.6/38.6 MB 2.4 MB/s eta 0:00:00
#9 25.30 Collecting pandas==2.3.3
#9 25.31   Downloading pandas-2.3.3-cp310-cp310-manylinux_2_24_x86_64.manylinux_2_28_x86_64.whl (12.8 MB)
#9 30.72      ━━━━━━━━━━━━━━━━━━━━━━━━━━━━━━━━━━━━━━━━ 12.8/12.8 MB 2.4 MB/s eta 0:00:00
#9 30.87 Collecting h5py==3.14.0
#9 30.87   Downloading h5py-3.14.0-cp310-cp310-manylinux_2_17_x86_64.manylinux2014_x86_64.whl (4.6 MB)
#9 32.80      ━━━━━━━━━━━━━━━━━━━━━━━━━━━━━━━━━━━━━━━━ 4.6/4.6 MB 2.4 MB/s eta 0:00:00
#9 33.08 Collecting numba==0.60.0
#9 33.09   Downloading numba-0.60.0-cp310-cp310-manylinux2014_x86_64.manylinux_2_17_x86_64.whl (3.7 MB)
#9 34.65      ━━━━━━━━━━━━━━━━━━━━━━━━━━━━━━━━━━━━━━━━ 3.7/3.7 MB 2.4 MB/s eta 0:00:00
#9 34.82 Collecting llvmlite==0.43.0
#9 34.83   Downloading llvmlite-0.43.0-cp310-cp310-manylinux_2_17_x86_64.manylinux2014_x86_64.whl (43.9 MB)
#9 53.42      ━━━━━━━━━━━━━━━━━━━━━━━━━━━━━━━━━━━━━━━━ 43.9/43.9 MB 2.4 MB/s eta 0:00:00
#9 53.57 Collecting anndata==0.9.2
#9 53.58   Downloading anndata-0.9.2-py3-none-any.whl (104 kB)
#9 53.62      ━━━━━━━━━━━━━━━━━━━━━━━━━━━━━━━━━━━━━━━ 104.2/104.2 kB 2.3 MB/s eta 0:00:00
#9 53.66 Collecting scanpy==1.10.3
#9 53.66   Downloading scanpy-1.10.3-py3-none-any.whl (2.1 MB)
#9 54.54      ━━━━━━━━━━━━━━━━━━━━━━━━━━━━━━━━━━━━━━━━ 2.1/2.1 MB 2.4 MB/s eta 0:00:00
#9 54.75 Collecting scgpt==0.2.4
#9 54.75   Downloading scgpt-0.2.4-py3-none-any.whl (831 kB)
#9 55.10      ━━━━━━━━━━━━━━━━━━━━━━━━━━━━━━━━━━━━━━━ 831.7/831.7 kB 2.3 MB/s eta 0:00:00
#9 55.31 Collecting mudata==0.2.3
#9 55.32   Downloading mudata-0.2.3-py3-none-any.whl (24 kB)
#9 55.34 Collecting legacy-api-wrap==1.5
#9 55.34   Downloading legacy_api_wrap-1.5-py3-none-any.whl (10 kB)
#9 55.37 Collecting natsort==8.4.0
#9 55.37   Downloading natsort-8.4.0-py3-none-any.whl (38 kB)
#9 55.58 Collecting docrep==0.3.2
#9 55.58   Downloading docrep-0.3.2.tar.gz (33 kB)
#9 55.60   Preparing metadata (setup.py): started
#9 55.82   Preparing metadata (setup.py): finished with status 'done'
#9 55.95 Collecting igraph==1.0.0
#9 55.95   Downloading igraph-1.0.0-cp39-abi3-manylinux_2_28_x86_64.whl (5.7 MB)
#9 58.36      ━━━━━━━━━━━━━━━━━━━━━━━━━━━━━━━━━━━━━━━━ 5.7/5.7 MB 2.4 MB/s eta 0:00:00
#9 58.46 Collecting python-igraph==1.0.0
#9 58.46   Downloading python_igraph-1.0.0-py3-none-any.whl (9.2 kB)
#9 58.71 Collecting leidenalg==0.12.0
#9 58.72   Downloading leidenalg-0.12.0-cp38-abi3-manylinux_2_27_x86_64.manylinux_2_28_x86_64.whl (2.7 MB)
#9 59.88      ━━━━━━━━━━━━━━━━━━━━━━━━━━━━━━━━━━━━━━━━ 2.7/2.7 MB 2.4 MB/s eta 0:00:00
#9 59.90 Collecting pynndescent==0.6.0
#9 59.90   Downloading pynndescent-0.6.0-py3-none-any.whl (73 kB)
#9 59.93      ━━━━━━━━━━━━━━━━━━━━━━━━━━━━━━━━━━━━━━━━ 73.5/73.5 kB 2.2 MB/s eta 0:00:00
#9 59.94 Collecting umap-learn==0.5.12
#9 59.95   Downloading umap_learn-0.5.12-py3-none-any.whl (91 kB)
#9 59.98      ━━━━━━━━━━━━━━━━━━━━━━━━━━━━━━━━━━━━━━━━ 91.8/91.8 kB 2.3 MB/s eta 0:00:00
#9 60.22 Collecting scvi-tools==0.20.3
#9 60.22   Downloading scvi_tools-0.20.3-py3-none-any.whl (330 kB)
#9 60.36      ━━━━━━━━━━━━━━━━━━━━━━━━━━━━━━━━━━━━━━━ 330.3/330.3 kB 2.3 MB/s eta 0:00:00
#9 60.55 Collecting scib==1.1.7
#9 60.75   Downloading scib-1.1.7-1-py3-none-any.whl (84 kB)
#9 60.78      ━━━━━━━━━━━━━━━━━━━━━━━━━━━━━━━━━━━━━━━━ 84.6/84.6 kB 2.6 MB/s eta 0:00:00
#9 60.99 Collecting pyro-ppl==1.9.1
#9 60.99   Downloading pyro_ppl-1.9.1-py3-none-any.whl (755 kB)
#9 61.31      ━━━━━━━━━━━━━━━━━━━━━━━━━━━━━━━━━━━━━━━ 756.0/756.0 kB 2.4 MB/s eta 0:00:00
#9 61.50 Collecting pyro-api==0.1.2
#9 61.51   Downloading pyro_api-0.1.2-py3-none-any.whl (11 kB)
#9 61.71 Collecting dcor==0.6
#9 61.71   Downloading dcor-0.6-py3-none-any.whl (55 kB)
#9 61.73      ━━━━━━━━━━━━━━━━━━━━━━━━━━━━━━━━━━━━━━━━ 55.5/55.5 kB 2.3 MB/s eta 0:00:00
#9 61.78 Collecting jax==0.4.30
#9 61.78   Downloading jax-0.4.30-py3-none-any.whl (2.0 MB)
#9 62.63      ━━━━━━━━━━━━━━━━━━━━━━━━━━━━━━━━━━━━━━━━ 2.0/2.0 MB 2.4 MB/s eta 0:00:00
#9 62.76 Collecting jaxlib==0.4.30
#9 62.76   Downloading jaxlib-0.4.30-cp310-cp310-manylinux2014_x86_64.whl (79.6 MB)
#9 96.51      ━━━━━━━━━━━━━━━━━━━━━━━━━━━━━━━━━━━━━━━━ 79.6/79.6 MB 2.4 MB/s eta 0:00:00
#9 96.91 Collecting flax==0.8.5
#9 96.91   Downloading flax-0.8.5-py3-none-any.whl (731 kB)
#9 97.22      ━━━━━━━━━━━━━━━━━━━━━━━━━━━━━━━━━━━━━━━ 731.3/731.3 kB 2.4 MB/s eta 0:00:00
#9 97.42 Collecting optax==0.2.4
#9 97.43   Downloading optax-0.2.4-py3-none-any.whl (319 kB)
#9 97.56      ━━━━━━━━━━━━━━━━━━━━━━━━━━━━━━━━━━━━━━━ 319.2/319.2 kB 2.4 MB/s eta 0:00:00
#9 97.76 Collecting chex==0.1.90
#9 97.76   Downloading chex-0.1.90-py3-none-any.whl (101 kB)
#9 97.80      ━━━━━━━━━━━━━━━━━━━━━━━━━━━━━━━━━━━━━━━ 101.0/101.0 kB 2.6 MB/s eta 0:00:00
#9 98.00 Collecting orbax==0.1.7
#9 98.00   Downloading orbax-0.1.7-py3-none-any.whl (77 kB)
#9 98.04      ━━━━━━━━━━━━━━━━━━━━━━━━━━━━━━━━━━━━━━━━ 77.5/77.5 kB 2.4 MB/s eta 0:00:00
#9 98.27 Collecting orbax-checkpoint==0.6.4
#9 98.27   Downloading orbax_checkpoint-0.6.4-py3-none-any.whl (270 kB)
#9 98.38      ━━━━━━━━━━━━━━━━━━━━━━━━━━━━━━━━━━━━━━━ 270.5/270.5 kB 2.4 MB/s eta 0:00:00
#9 98.58 Collecting numpyro==0.19.0
#9 98.59   Downloading numpyro-0.19.0-py3-none-any.whl (370 kB)
#9 98.74      ━━━━━━━━━━━━━━━━━━━━━━━━━━━━━━━━━━━━━━━ 370.9/370.9 kB 2.4 MB/s eta 0:00:00
#9 98.75 Collecting ml_collections==0.1.1
#9 98.76   Downloading ml_collections-0.1.1.tar.gz (77 kB)
#9 98.79      ━━━━━━━━━━━━━━━━━━━━━━━━━━━━━━━━━━━━━━━━ 77.9/77.9 kB 2.3 MB/s eta 0:00:00
#9 98.80   Preparing metadata (setup.py): started
#9 99.02   Preparing metadata (setup.py): finished with status 'done'
#9 99.08 Collecting ml_dtypes==0.5.4
#9 99.08   Downloading ml_dtypes-0.5.4-cp310-cp310-manylinux_2_27_x86_64.manylinux_2_28_x86_64.whl (5.0 MB)
#9 101.2      ━━━━━━━━━━━━━━━━━━━━━━━━━━━━━━━━━━━━━━━━ 5.0/5.0 MB 2.4 MB/s eta 0:00:00
#9 101.2 Collecting opt_einsum==3.4.0
#9 101.2   Downloading opt_einsum-3.4.0-py3-none-any.whl (71 kB)
#9 101.3      ━━━━━━━━━━━━━━━━━━━━━━━━━━━━━━━━━━━━━━━━ 71.9/71.9 kB 2.0 MB/s eta 0:00:00
#9 101.3 Collecting etils==1.5.2
#9 101.3   Downloading etils-1.5.2-py3-none-any.whl (140 kB)
#9 101.4      ━━━━━━━━━━━━━━━━━━━━━━━━━━━━━━━━━━━━━━━ 140.6/140.6 kB 2.3 MB/s eta 0:00:00
#9 101.6 Collecting tensorstore==0.1.69
#9 101.6   Downloading tensorstore-0.1.69-cp310-cp310-manylinux_2_17_x86_64.manylinux2014_x86_64.whl (17.5 MB)
#9 109.3      ━━━━━━━━━━━━━━━━━━━━━━━━━━━━━━━━━━━━━━━━ 17.5/17.5 MB 2.4 MB/s eta 0:00:00
#9 109.6 Collecting msgpack==1.1.2
#9 109.6   Downloading msgpack-1.1.2-cp310-cp310-manylinux2014_x86_64.manylinux_2_17_x86_64.manylinux_2_28_x86_64.whl (406 kB)
#9 109.8      ━━━━━━━━━━━━━━━━━━━━━━━━━━━━━━━━━━━━━━━ 406.1/406.1 kB 2.3 MB/s eta 0:00:00
#9 109.8 Collecting pytorch-lightning==1.9.5
#9 109.8   Downloading pytorch_lightning-1.9.5-py3-none-any.whl (829 kB)
#9 110.2      ━━━━━━━━━━━━━━━━━━━━━━━━━━━━━━━━━━━━━━━ 829.5/829.5 kB 2.3 MB/s eta 0:00:00
#9 110.2 Collecting torchmetrics==1.8.2
#9 110.2   Downloading torchmetrics-1.8.2-py3-none-any.whl (983 kB)
#9 110.7      ━━━━━━━━━━━━━━━━━━━━━━━━━━━━━━━━━━━━━━━ 983.2/983.2 kB 2.4 MB/s eta 0:00:00
#9 110.7 Requirement already satisfied: torchdata==0.6.1 in /opt/conda/lib/python3.10/site-packages (from -r /tmp/requirements.txt (line 78)) (0.6.1)
#9 110.7 Collecting lightning-utilities==0.15.2
#9 110.7   Downloading lightning_utilities-0.15.2-py3-none-any.whl (29 kB)
#9 110.7 Collecting einops==0.8.2
#9 110.7   Downloading einops-0.8.2-py3-none-any.whl (65 kB)
#9 110.7      ━━━━━━━━━━━━━━━━━━━━━━━━━━━━━━━━━━━━━━━━ 65.6/65.6 kB 2.6 MB/s eta 0:00:00
#9 110.8 Collecting datasets==2.21.0
#9 110.8   Downloading datasets-2.21.0-py3-none-any.whl (527 kB)
#9 111.0      ━━━━━━━━━━━━━━━━━━━━━━━━━━━━━━━━━━━━━━━ 527.3/527.3 kB 2.3 MB/s eta 0:00:00
#9 111.3 Collecting pyarrow==21.0.0
#9 111.4   Downloading pyarrow-21.0.0-cp310-cp310-manylinux_2_28_x86_64.whl (42.7 MB)
#9 129.5      ━━━━━━━━━━━━━━━━━━━━━━━━━━━━━━━━━━━━━━━━ 42.7/42.7 MB 2.4 MB/s eta 0:00:00
#9 129.6 Collecting openpyxl==3.1.5
#9 129.6   Downloading openpyxl-3.1.5-py2.py3-none-any.whl (250 kB)
#9 129.7      ━━━━━━━━━━━━━━━━━━━━━━━━━━━━━━━━━━━━━━━ 250.9/250.9 kB 2.4 MB/s eta 0:00:00
#9 129.7 Collecting et_xmlfile==2.0.0
#9 129.7   Downloading et_xmlfile-2.0.0-py3-none-any.whl (18 kB)
#9 130.0 Collecting xxhash==3.7.0
#9 130.0   Downloading xxhash-3.7.0-cp310-cp310-manylinux2014_x86_64.manylinux_2_17_x86_64.manylinux_2_28_x86_64.whl (193 kB)
#9 130.1      ━━━━━━━━━━━━━━━━━━━━━━━━━━━━━━━━━━━━━━━ 193.3/193.3 kB 2.3 MB/s eta 0:00:00
#9 130.1 Collecting dill==0.3.8
#9 130.1   Downloading dill-0.3.8-py3-none-any.whl (116 kB)
#9 130.2      ━━━━━━━━━━━━━━━━━━━━━━━━━━━━━━━━━━━━━━━ 116.3/116.3 kB 2.4 MB/s eta 0:00:00
#9 130.2 Collecting multiprocess==0.70.16
#9 130.2   Downloading multiprocess-0.70.16-py310-none-any.whl (134 kB)
#9 130.3      ━━━━━━━━━━━━━━━━━━━━━━━━━━━━━━━━━━━━━━━ 134.8/134.8 kB 2.5 MB/s eta 0:00:00
#9 130.3 Collecting fsspec==2024.6.1
#9 130.3   Downloading fsspec-2024.6.1-py3-none-any.whl (177 kB)
#9 130.4      ━━━━━━━━━━━━━━━━━━━━━━━━━━━━━━━━━━━━━━━ 177.6/177.6 kB 2.4 MB/s eta 0:00:00
#9 130.8 Collecting matplotlib==3.9.4
#9 130.8   Downloading matplotlib-3.9.4-cp310-cp310-manylinux_2_17_x86_64.manylinux2014_x86_64.whl (8.3 MB)
#9 134.3      ━━━━━━━━━━━━━━━━━━━━━━━━━━━━━━━━━━━━━━━━ 8.3/8.3 MB 2.4 MB/s eta 0:00:00
#9 134.3 Collecting seaborn==0.13.2
#9 134.3   Downloading seaborn-0.13.2-py3-none-any.whl (294 kB)
#9 134.5      ━━━━━━━━━━━━━━━━━━━━━━━━━━━━━━━━━━━━━━━ 294.9/294.9 kB 2.5 MB/s eta 0:00:00
#9 134.6 Collecting contourpy==1.3.0
#9 134.6   Downloading contourpy-1.3.0-cp310-cp310-manylinux_2_17_x86_64.manylinux2014_x86_64.whl (322 kB)
#9 134.8      ━━━━━━━━━━━━━━━━━━━━━━━━━━━━━━━━━━━━━━━ 322.0/322.0 kB 2.4 MB/s eta 0:00:00
#9 135.0 Collecting kiwisolver==1.4.7
#9 135.0   Downloading kiwisolver-1.4.7-cp310-cp310-manylinux_2_12_x86_64.manylinux2010_x86_64.whl (1.6 MB)
#9 135.7      ━━━━━━━━━━━━━━━━━━━━━━━━━━━━━━━━━━━━━━━━ 1.6/1.6 MB 2.4 MB/s eta 0:00:00
#9 136.1 Collecting fonttools==4.60.2
#9 136.1   Downloading fonttools-4.60.2-cp310-cp310-manylinux2014_x86_64.manylinux_2_17_x86_64.whl (4.9 MB)
#9 138.2      ━━━━━━━━━━━━━━━━━━━━━━━━━━━━━━━━━━━━━━━━ 4.9/4.9 MB 2.4 MB/s eta 0:00:00
#9 138.2 Collecting cycler==0.12.1
#9 138.2   Downloading cycler-0.12.1-py3-none-any.whl (8.3 kB)
#9 138.2 Collecting pyparsing==3.3.2
#9 138.2   Downloading pyparsing-3.3.2-py3-none-any.whl (122 kB)
#9 138.3      ━━━━━━━━━━━━━━━━━━━━━━━━━━━━━━━━━━━━━━━ 122.8/122.8 kB 2.2 MB/s eta 0:00:00
#9 138.5 Collecting scikit-learn==1.6.1
#9 138.5   Downloading scikit_learn-1.6.1-cp310-cp310-manylinux_2_17_x86_64.manylinux2014_x86_64.whl (13.5 MB)
#9 144.2      ━━━━━━━━━━━━━━━━━━━━━━━━━━━━━━━━━━━━━━━━ 13.5/13.5 MB 2.4 MB/s eta 0:00:00
#9 144.5 Collecting scikit-misc==0.3.1
#9 144.5   Downloading scikit_misc-0.3.1-cp310-cp310-manylinux_2_17_x86_64.manylinux2014_x86_64.whl (10.8 MB)
#9 149.1      ━━━━━━━━━━━━━━━━━━━━━━━━━━━━━━━━━━━━━━━━ 10.8/10.8 MB 2.4 MB/s eta 0:00:00
#9 149.2 Collecting statsmodels==0.14.6
#9 149.2   Downloading statsmodels-0.14.6-cp310-cp310-manylinux2014_x86_64.manylinux_2_17_x86_64.manylinux_2_28_x86_64.whl (10.4 MB)
#9 153.6      ━━━━━━━━━━━━━━━━━━━━━━━━━━━━━━━━━━━━━━━━ 10.4/10.4 MB 2.4 MB/s eta 0:00:00
#9 153.7 Collecting patsy==1.0.2
#9 153.7   Downloading patsy-1.0.2-py2.py3-none-any.whl (233 kB)
#9 153.8      ━━━━━━━━━━━━━━━━━━━━━━━━━━━━━━━━━━━━━━━ 233.3/233.3 kB 2.4 MB/s eta 0:00:00
#9 153.8 Collecting threadpoolctl==3.6.0
#9 153.8   Downloading threadpoolctl-3.6.0-py3-none-any.whl (18 kB)
#9 153.8 Collecting joblib==1.5.3
#9 153.8   Downloading joblib-1.5.3-py3-none-any.whl (309 kB)
#9 154.0      ━━━━━━━━━━━━━━━━━━━━━━━━━━━━━━━━━━━━━━━ 309.1/309.1 kB 2.3 MB/s eta 0:00:00
#9 154.2 Collecting faiss-gpu==1.7.2
#9 154.2   Downloading faiss_gpu-1.7.2-cp310-cp310-manylinux_2_17_x86_64.manylinux2014_x86_64.whl (85.5 MB)
#9 190.4      ━━━━━━━━━━━━━━━━━━━━━━━━━━━━━━━━━━━━━━━━ 85.5/85.5 MB 2.4 MB/s eta 0:00:00
#9 190.8 Collecting wandb==0.21.4
#9 190.9   Downloading wandb-0.21.4-py3-none-manylinux_2_17_x86_64.manylinux2014_x86_64.whl (19.6 MB)
#9 199.2      ━━━━━━━━━━━━━━━━━━━━━━━━━━━━━━━━━━━━━━━━ 19.6/19.6 MB 2.4 MB/s eta 0:00:00
#9 199.3 Collecting GitPython==3.1.50
#9 199.3   Downloading gitpython-3.1.50-py3-none-any.whl (212 kB)
#9 199.4      ━━━━━━━━━━━━━━━━━━━━━━━━━━━━━━━━━━━━━━━ 212.5/212.5 kB 2.3 MB/s eta 0:00:00
#9 199.4 Collecting gitdb==4.0.12
#9 199.4   Downloading gitdb-4.0.12-py3-none-any.whl (62 kB)
#9 199.4      ━━━━━━━━━━━━━━━━━━━━━━━━━━━━━━━━━━━━━━━━ 62.8/62.8 kB 2.5 MB/s eta 0:00:00
#9 199.5 Collecting smmap==5.0.3
#9 199.5   Downloading smmap-5.0.3-py3-none-any.whl (24 kB)
#9 199.6 Collecting sentry-sdk==2.61.1
#9 199.6   Downloading sentry_sdk-2.61.1-py3-none-any.whl (483 kB)
#9 199.8      ━━━━━━━━━━━━━━━━━━━━━━━━━━━━━━━━━━━━━━━ 483.7/483.7 kB 2.4 MB/s eta 0:00:00
#9 199.9 Collecting tqdm==4.67.3
#9 199.9   Downloading tqdm-4.67.3-py3-none-any.whl (78 kB)
#9 199.9      ━━━━━━━━━━━━━━━━━━━━━━━━━━━━━━━━━━━━━━━━ 78.4/78.4 kB 2.5 MB/s eta 0:00:00
#9 200.0 Collecting PyYAML==6.0.1
#9 200.0   Downloading PyYAML-6.0.1-cp310-cp310-manylinux_2_17_x86_64.manylinux2014_x86_64.whl (705 kB)
#9 200.3      ━━━━━━━━━━━━━━━━━━━━━━━━━━━━━━━━━━━━━━━ 705.5/705.5 kB 2.4 MB/s eta 0:00:00
#9 200.3 Collecting typer==0.12.5
#9 200.3   Downloading typer-0.12.5-py3-none-any.whl (47 kB)
#9 200.4      ━━━━━━━━━━━━━━━━━━━━━━━━━━━━━━━━━━━━━━━━ 47.3/47.3 kB 2.1 MB/s eta 0:00:00
#9 200.4 Collecting click
#9 200.4   Downloading click-8.4.2-py3-none-any.whl (119 kB)
#9 200.4      ━━━━━━━━━━━━━━━━━━━━━━━━━━━━━━━━━━━━━━━ 119.2/119.2 kB 2.8 MB/s eta 0:00:00
#9 200.5 Collecting rich==15.0.0
#9 200.5   Downloading rich-15.0.0-py3-none-any.whl (310 kB)
#9 200.7      ━━━━━━━━━━━━━━━━━━━━━━━━━━━━━━━━━━━━━━━ 310.7/310.7 kB 2.4 MB/s eta 0:00:00
#9 200.7 Collecting markdown-it-py==3.0.0
#9 200.7   Downloading markdown_it_py-3.0.0-py3-none-any.whl (87 kB)
#9 200.7      ━━━━━━━━━━━━━━━━━━━━━━━━━━━━━━━━━━━━━━━━ 87.5/87.5 kB 2.7 MB/s eta 0:00:00
#9 200.7 Collecting mdurl==0.1.2
#9 200.7   Downloading mdurl-0.1.2-py3-none-any.whl (10.0 kB)
#9 201.0 Collecting pydantic==2.13.4
#9 201.1   Downloading pydantic-2.13.4-py3-none-any.whl (472 kB)
#9 201.2      ━━━━━━━━━━━━━━━━━━━━━━━━━━━━━━━━━━━━━━━ 472.3/472.3 kB 2.4 MB/s eta 0:00:00
#9 203.3 Collecting pydantic_core==2.46.4
#9 203.3   Downloading pydantic_core-2.46.4-cp310-cp310-manylinux_2_17_x86_64.manylinux2014_x86_64.whl (2.1 MB)
#9 204.2      ━━━━━━━━━━━━━━━━━━━━━━━━━━━━━━━━━━━━━━━━ 2.1/2.1 MB 2.4 MB/s eta 0:00:00
#9 204.3 Collecting typing_extensions==4.15.0
#9 204.3   Downloading typing_extensions-4.15.0-py3-none-any.whl (44 kB)
#9 204.3      ━━━━━━━━━━━━━━━━━━━━━━━━━━━━━━━━━━━━━━━━ 44.6/44.6 kB 4.0 MB/s eta 0:00:00
#9 204.3 Collecting typing-inspection==0.4.2
#9 204.3   Downloading typing_inspection-0.4.2-py3-none-any.whl (14 kB)
#9 204.3 Collecting annotated-types==0.7.0
#9 204.3   Downloading annotated_types-0.7.0-py3-none-any.whl (13 kB)
#9 204.3 Collecting shellingham==1.5.4
#9 204.3   Downloading shellingham-1.5.4-py2.py3-none-any.whl (9.8 kB)
#9 204.4 Collecting packaging==26.2
#9 204.4   Downloading packaging-26.2-py3-none-any.whl (100 kB)
#9 204.4      ━━━━━━━━━━━━━━━━━━━━━━━━━━━━━━━━━━━━━━━ 100.2/100.2 kB 2.5 MB/s eta 0:00:00
#9 204.4 Collecting filelock==3.19.1
#9 204.4   Downloading filelock-3.19.1-py3-none-any.whl (15 kB)
#9 204.5 Collecting requests==2.32.5
#9 204.5   Downloading requests-2.32.5-py3-none-any.whl (64 kB)
#9 204.5      ━━━━━━━━━━━━━━━━━━━━━━━━━━━━━━━━━━━━━━━━ 64.7/64.7 kB 3.1 MB/s eta 0:00:00
#9 204.6 Collecting urllib3==2.6.0
#9 204.6   Downloading urllib3-2.6.0-py3-none-any.whl (131 kB)
#9 204.6      ━━━━━━━━━━━━━━━━━━━━━━━━━━━━━━━━━━━━━━━ 131.1/131.1 kB 2.4 MB/s eta 0:00:00
#9 204.6 Collecting idna==3.10
#9 204.6   Downloading idna-3.10-py3-none-any.whl (70 kB)
#9 204.7      ━━━━━━━━━━━━━━━━━━━━━━━━━━━━━━━━━━━━━━━━ 70.4/70.4 kB 2.2 MB/s eta 0:00:00
#9 204.9 Collecting charset-normalizer==3.4.4
#9 204.9   Downloading charset_normalizer-3.4.4-cp310-cp310-manylinux2014_x86_64.manylinux_2_17_x86_64.manylinux_2_28_x86_64.whl (153 kB)
#9 205.0      ━━━━━━━━━━━━━━━━━━━━━━━━━━━━━━━━━━━━━━━ 153.6/153.6 kB 2.7 MB/s eta 0:00:00
#9 205.0 Collecting certifi==2025.11.12
#9 205.0   Downloading certifi-2025.11.12-py3-none-any.whl (159 kB)
#9 205.1      ━━━━━━━━━━━━━━━━━━━━━━━━━━━━━━━━━━━━━━━ 159.4/159.4 kB 2.4 MB/s eta 0:00:00
#9 205.1 Collecting six==1.17.0
#9 205.1   Downloading six-1.17.0-py2.py3-none-any.whl (11 kB)
#9 205.1 Collecting python-dateutil==2.9.0.post0
#9 205.1   Downloading python_dateutil-2.9.0.post0-py2.py3-none-any.whl (229 kB)
#9 205.2      ━━━━━━━━━━━━━━━━━━━━━━━━━━━━━━━━━━━━━━━ 229.9/229.9 kB 2.4 MB/s eta 0:00:00
#9 205.3 Collecting pytz==2025.2
#9 205.3   Downloading pytz-2025.2-py2.py3-none-any.whl (509 kB)
#9 205.5      ━━━━━━━━━━━━━━━━━━━━━━━━━━━━━━━━━━━━━━━ 509.2/509.2 kB 2.4 MB/s eta 0:00:00
#9 205.6 Collecting tzdata==2026.2
#9 205.6   Downloading tzdata-2026.2-py2.py3-none-any.whl (349 kB)
#9 205.7      ━━━━━━━━━━━━━━━━━━━━━━━━━━━━━━━━━━━━━━━ 349.3/349.3 kB 2.4 MB/s eta 0:00:00
#9 205.7 Collecting gdown==5.2.2
#9 205.7   Downloading gdown-5.2.2-py3-none-any.whl (18 kB)
#9 205.8 Collecting humanize==4.13.0
#9 205.8   Downloading humanize-4.13.0-py3-none-any.whl (128 kB)
#9 205.8      ━━━━━━━━━━━━━━━━━━━━━━━━━━━━━━━━━━━━━━━ 128.9/128.9 kB 2.7 MB/s eta 0:00:00
#9 205.8 Collecting Deprecated==1.3.1
#9 205.8   Downloading deprecated-1.3.1-py2.py3-none-any.whl (11 kB)
#9 206.7 Collecting wrapt==1.17.3
#9 206.7   Downloading wrapt-1.17.3-cp310-cp310-manylinux1_x86_64.manylinux_2_28_x86_64.manylinux_2_5_x86_64.whl (81 kB)
#9 206.7      ━━━━━━━━━━━━━━━━━━━━━━━━━━━━━━━━━━━━━━━━ 82.0/82.0 kB 2.4 MB/s eta 0:00:00
#9 206.7 Collecting overrides==7.7.0
#9 206.7   Downloading overrides-7.7.0-py3-none-any.whl (17 kB)
#9 206.7 Requirement already satisfied: sortedcontainers==2.4.0 in /opt/conda/lib/python3.10/site-packages (from -r /tmp/requirements.txt (line 155)) (2.4.0)
#9 206.7 Collecting multipledispatch==1.0.0
#9 206.7   Downloading multipledispatch-1.0.0-py3-none-any.whl (12 kB)
#9 206.7 Collecting array-api-compat==1.11.2
#9 206.8   Downloading array_api_compat-1.11.2-py3-none-any.whl (53 kB)
#9 206.8      ━━━━━━━━━━━━━━━━━━━━━━━━━━━━━━━━━━━━━━━━ 53.1/53.1 kB 2.1 MB/s eta 0:00:00
#9 206.8 Collecting cached-property==2.0.1
#9 206.8   Downloading cached_property-2.0.1-py3-none-any.whl (7.4 kB)
#9 206.8 Collecting lark==1.3.1
#9 206.8   Downloading lark-1.3.1-py3-none-any.whl (113 kB)
#9 206.9      ━━━━━━━━━━━━━━━━━━━━━━━━━━━━━━━━━━━━━━━ 113.2/113.2 kB 2.7 MB/s eta 0:00:00
#9 206.9 Requirement already satisfied: dnspython==2.3.0 in /opt/conda/lib/python3.10/site-packages (from -r /tmp/requirements.txt (line 160)) (2.3.0)
#9 207.0 Collecting huggingface_hub==1.8.0
#9 207.0   Downloading huggingface_hub-1.8.0-py3-none-any.whl (625 kB)
#9 207.2      ━━━━━━━━━━━━━━━━━━━━━━━━━━━━━━━━━━━━━━━ 625.2/625.2 kB 2.3 MB/s eta 0:00:00
#9 207.3 Collecting hf-xet==1.5.0
#9 207.3   Downloading hf_xet-1.5.0-cp37-abi3-manylinux2014_x86_64.manylinux_2_17_x86_64.whl (4.5 MB)
#9 209.2      ━━━━━━━━━━━━━━━━━━━━━━━━━━━━━━━━━━━━━━━━ 4.5/4.5 MB 2.4 MB/s eta 0:00:00
#9 209.7 Collecting session-info
#9 209.7   Downloading session_info-1.0.1-py3-none-any.whl (9.1 kB)
#9 209.7 Requirement already satisfied: networkx>=2.7 in /opt/conda/lib/python3.10/site-packages (from scanpy==1.10.3->-r /tmp/requirements.txt (line 38)) (3.1)
#9 209.7 Requirement already satisfied: torch>=1.13.0 in /opt/conda/lib/python3.10/site-packages (from scgpt==0.2.4->-r /tmp/requirements.txt (line 39)) (2.0.1)
#9 209.8 Requirement already satisfied: torchtext in /opt/conda/lib/python3.10/site-packages (from scgpt==0.2.4->-r /tmp/requirements.txt (line 39)) (0.15.2)
#9 210.0 Collecting cell-gears<0.0.3
#9 210.0   Downloading cell-gears-0.0.2.tar.gz (25 kB)
#9 210.0   Preparing metadata (setup.py): started
#9 210.2   Preparing metadata (setup.py): finished with status 'done'
#9 210.3 Collecting texttable>=1.6.2
#9 210.3   Downloading texttable-1.7.0-py2.py3-none-any.whl (10 kB)
#9 210.5 Collecting pydot
#9 210.5   Downloading pydot-4.0.1-py3-none-any.whl (37 kB)
#9 210.7 Collecting absl-py>=0.7.1
#9 210.7   Downloading absl_py-2.4.0-py3-none-any.whl (135 kB)
#9 210.8      ━━━━━━━━━━━━━━━━━━━━━━━━━━━━━━━━━━━━━━━ 135.8/135.8 kB 2.5 MB/s eta 0:00:00
#9 210.8 Collecting etils[epy]
#9 210.8   Downloading etils-1.13.0-py3-none-any.whl (170 kB)
#9 210.9      ━━━━━━━━━━━━━━━━━━━━━━━━━━━━━━━━━━━━━━━ 170.6/170.6 kB 2.4 MB/s eta 0:00:00
#9 210.9 Requirement already satisfied: toolz>=0.9.0 in /opt/conda/lib/python3.10/site-packages (from chex==0.1.90->-r /tmp/requirements.txt (line 64)) (0.12.0)
#9 210.9 Collecting nest_asyncio
#9 210.9   Downloading nest_asyncio-1.6.0-py3-none-any.whl (5.2 kB)
#9 211.0 Collecting importlib_resources
#9 211.0   Downloading importlib_resources-7.1.0-py3-none-any.whl (37 kB)
#9 211.5 Collecting protobuf
#9 211.5   Downloading protobuf-7.35.1-cp310-abi3-manylinux2014_x86_64.whl (327 kB)
#9 211.6      ━━━━━━━━━━━━━━━━━━━━━━━━━━━━━━━━━━━━━━━ 327.1/327.1 kB 2.3 MB/s eta 0:00:00
#9 211.7 Collecting contextlib2
#9 211.7   Downloading contextlib2-21.6.0-py2.py3-none-any.whl (13 kB)
#9 211.9 Collecting fsspec[http]>2021.06.0
#9 211.9   Downloading fsspec-2026.6.0-py3-none-any.whl (203 kB)
#9 212.0      ━━━━━━━━━━━━━━━━━━━━━━━━━━━━━━━━━━━━━━━ 203.9/203.9 kB 2.4 MB/s eta 0:00:00
#9 212.1 Requirement already satisfied: setuptools in /opt/conda/lib/python3.10/site-packages (from lightning-utilities==0.15.2->-r /tmp/requirements.txt (line 83)) (65.6.3)
#9 213.9 Collecting aiohttp
#9 213.9   Downloading aiohttp-3.14.1-cp310-cp310-manylinux2014_x86_64.manylinux_2_17_x86_64.manylinux_2_28_x86_64.whl (1.7 MB)
#9 214.6      ━━━━━━━━━━━━━━━━━━━━━━━━━━━━━━━━━━━━━━━━ 1.7/1.7 MB 2.4 MB/s eta 0:00:00
#9 214.8 Requirement already satisfied: pillow>=8 in /opt/conda/lib/python3.10/site-packages (from matplotlib==3.9.4->-r /tmp/requirements.txt (line 97)) (9.4.0)
#9 215.2 Collecting platformdirs
#9 215.2   Downloading platformdirs-4.10.0-py3-none-any.whl (22 kB)
#9 215.3 Collecting protobuf
#9 215.3   Downloading protobuf-6.33.6-cp39-abi3-manylinux2014_x86_64.whl (323 kB)
#9 215.4      ━━━━━━━━━━━━━━━━━━━━━━━━━━━━━━━━━━━━━━━ 323.4/323.4 kB 2.4 MB/s eta 0:00:00
#9 215.6 Requirement already satisfied: pygments<3.0.0,>=2.13.0 in /opt/conda/lib/python3.10/site-packages (from rich==15.0.0->-r /tmp/requirements.txt (line 130)) (2.15.1)
#9 215.8 Requirement already satisfied: requests[socks] in /opt/conda/lib/python3.10/site-packages (from gdown==5.2.2->-r /tmp/requirements.txt (line 150)) (2.29.0)
#9 215.8 Requirement already satisfied: beautifulsoup4 in /opt/conda/lib/python3.10/site-packages (from gdown==5.2.2->-r /tmp/requirements.txt (line 150)) (4.12.2)
#9 216.1 Collecting httpx<1,>=0.23.0
#9 216.1   Downloading httpx-0.28.1-py3-none-any.whl (73 kB)
#9 216.1      ━━━━━━━━━━━━━━━━━━━━━━━━━━━━━━━━━━━━━━━━ 73.5/73.5 kB 2.2 MB/s eta 0:00:00
#9 216.2 Collecting async-timeout<6.0,>=4.0
#9 216.2   Downloading async_timeout-5.0.1-py3-none-any.whl (6.2 kB)
#9 216.4 Collecting frozenlist>=1.1.1
#9 216.4   Downloading frozenlist-1.8.0-cp310-cp310-manylinux1_x86_64.manylinux_2_28_x86_64.manylinux_2_5_x86_64.whl (219 kB)
#9 216.5      ━━━━━━━━━━━━━━━━━━━━━━━━━━━━━━━━━━━━━━━ 219.5/219.5 kB 2.4 MB/s eta 0:00:00
#9 216.5 Collecting aiosignal>=1.4.0
#9 216.5   Downloading aiosignal-1.4.0-py3-none-any.whl (7.5 kB)
#9 217.2 Collecting multidict<7.0,>=4.5
#9 217.2   Downloading multidict-6.7.1-cp310-cp310-manylinux2014_x86_64.manylinux_2_17_x86_64.manylinux_2_28_x86_64.whl (243 kB)
#9 217.3      ━━━━━━━━━━━━━━━━━━━━━━━━━━━━━━━━━━━━━━━ 243.3/243.3 kB 2.5 MB/s eta 0:00:00
#9 217.5 Collecting propcache>=0.2.0
#9 217.5   Downloading propcache-0.5.2-cp310-cp310-manylinux2014_x86_64.manylinux_2_17_x86_64.manylinux_2_28_x86_64.whl (60 kB)
#9 217.5      ━━━━━━━━━━━━━━━━━━━━━━━━━━━━━━━━━━━━━━━━ 60.1/60.1 kB 2.3 MB/s eta 0:00:00
#9 217.5 Collecting aiohappyeyeballs>=2.5.0
#9 217.5   Downloading aiohappyeyeballs-2.6.2-py3-none-any.whl (15 kB)
#9 217.5 Requirement already satisfied: attrs>=17.3.0 in /opt/conda/lib/python3.10/site-packages (from aiohttp->datasets==2.21.0->-r /tmp/requirements.txt (line 87)) (23.1.0)
#9 218.4 Collecting yarl<2.0,>=1.17.0
#9 218.4   Downloading yarl-1.24.2-cp310-cp310-manylinux2014_x86_64.manylinux_2_17_x86_64.manylinux_2_28_x86_64.whl (106 kB)
#9 218.5      ━━━━━━━━━━━━━━━━━━━━━━━━━━━━━━━━━━━━━━━ 106.7/106.7 kB 2.3 MB/s eta 0:00:00
#9 218.5 Collecting httpcore==1.*
#9 218.5   Downloading httpcore-1.0.9-py3-none-any.whl (78 kB)
#9 218.6      ━━━━━━━━━━━━━━━━━━━━━━━━━━━━━━━━━━━━━━━━ 78.8/78.8 kB 2.2 MB/s eta 0:00:00
#9 218.6 Collecting anyio
#9 218.6   Downloading anyio-4.14.1-py3-none-any.whl (124 kB)
#9 218.6      ━━━━━━━━━━━━━━━━━━━━━━━━━━━━━━━━━━━━━━━ 124.9/124.9 kB 2.3 MB/s eta 0:00:00
#9 218.7 Collecting h11>=0.16
#9 218.7   Downloading h11-0.16.0-py3-none-any.whl (37 kB)
#9 218.8 Requirement already satisfied: sympy in /opt/conda/lib/python3.10/site-packages (from torch>=1.13.0->scgpt==0.2.4->-r /tmp/requirements.txt (line 39)) (1.12)
#9 218.8 Requirement already satisfied: jinja2 in /opt/conda/lib/python3.10/site-packages (from torch>=1.13.0->scgpt==0.2.4->-r /tmp/requirements.txt (line 39)) (3.1.2)
#9 218.8 Requirement already satisfied: soupsieve>1.2 in /opt/conda/lib/python3.10/site-packages (from beautifulsoup4->gdown==5.2.2->-r /tmp/requirements.txt (line 150)) (2.4)
#9 218.9 Collecting etils[epath,epy]
#9 218.9   Downloading etils-1.12.2-py3-none-any.whl (167 kB)
#9 218.9      ━━━━━━━━━━━━━━━━━━━━━━━━━━━━━━━━━━━━━━━ 167.6/167.6 kB 2.3 MB/s eta 0:00:00
#9 219.0   Downloading etils-1.12.1-py3-none-any.whl (167 kB)
#9 219.1      ━━━━━━━━━━━━━━━━━━━━━━━━━━━━━━━━━━━━━━━ 167.6/167.6 kB 2.4 MB/s eta 0:00:00
#9 219.3   Downloading etils-1.12.0-py3-none-any.whl (166 kB)
#9 219.4      ━━━━━━━━━━━━━━━━━━━━━━━━━━━━━━━━━━━━━━━ 166.6/166.6 kB 2.4 MB/s eta 0:00:00
#9 219.4   Downloading etils-1.11.0-py3-none-any.whl (165 kB)
#9 219.5      ━━━━━━━━━━━━━━━━━━━━━━━━━━━━━━━━━━━━━━━ 165.4/165.4 kB 2.4 MB/s eta 0:00:00
#9 219.5   Downloading etils-1.10.0-py3-none-any.whl (164 kB)
#9 219.6      ━━━━━━━━━━━━━━━━━━━━━━━━━━━━━━━━━━━━━━━ 164.9/164.9 kB 2.4 MB/s eta 0:00:00
#9 219.8   Downloading etils-1.9.4-py3-none-any.whl (164 kB)
#9 219.9      ━━━━━━━━━━━━━━━━━━━━━━━━━━━━━━━━━━━━━━━ 164.3/164.3 kB 2.3 MB/s eta 0:00:00
#9 220.0   Downloading etils-1.7.0-py3-none-any.whl (152 kB)
#9 220.0      ━━━━━━━━━━━━━━━━━━━━━━━━━━━━━━━━━━━━━━━ 152.4/152.4 kB 2.5 MB/s eta 0:00:00
#9 220.1   Downloading etils-1.6.0-py3-none-any.whl (144 kB)
#9 220.1      ━━━━━━━━━━━━━━━━━━━━━━━━━━━━━━━━━━━━━━━ 144.9/144.9 kB 2.4 MB/s eta 0:00:00
#9 220.2 Collecting zipp
#9 220.2   Downloading zipp-4.1.0-py3-none-any.whl (10 kB)
#9 220.3 Collecting requests[socks]
#9 220.3   Downloading requests-2.34.2-py3-none-any.whl (73 kB)
#9 220.4      ━━━━━━━━━━━━━━━━━━━━━━━━━━━━━━━━━━━━━━━━ 73.1/73.1 kB 2.2 MB/s eta 0:00:00
#9 220.4   Downloading requests-2.34.1-py3-none-any.whl (73 kB)
#9 220.4      ━━━━━━━━━━━━━━━━━━━━━━━━━━━━━━━━━━━━━━━━ 73.1/73.1 kB 2.3 MB/s eta 0:00:00
#9 220.4   Downloading requests-2.34.0-py3-none-any.whl (73 kB)
#9 220.4      ━━━━━━━━━━━━━━━━━━━━━━━━━━━━━━━━━━━━━━━━ 73.0/73.0 kB 2.5 MB/s eta 0:00:00
#9 220.4   Downloading requests-2.33.1-py3-none-any.whl (64 kB)
#9 220.5      ━━━━━━━━━━━━━━━━━━━━━━━━━━━━━━━━━━━━━━━━ 64.9/64.9 kB 2.1 MB/s eta 0:00:00
#9 220.5   Downloading requests-2.33.0-py3-none-any.whl (65 kB)
#9 220.5      ━━━━━━━━━━━━━━━━━━━━━━━━━━━━━━━━━━━━━━━━ 65.0/65.0 kB 2.3 MB/s eta 0:00:00
#9 220.5 Requirement already satisfied: PySocks!=1.5.7,>=1.5.6 in /opt/conda/lib/python3.10/site-packages (from requests==2.32.5->-r /tmp/requirements.txt (line 141)) (1.7.1)
#9 220.7 Collecting stdlib_list
#9 220.7   Downloading stdlib_list-0.12.0-py3-none-any.whl (87 kB)
#9 220.8      ━━━━━━━━━━━━━━━━━━━━━━━━━━━━━━━━━━━━━━━━ 87.6/87.6 kB 2.3 MB/s eta 0:00:00
#9 221.0 Requirement already satisfied: exceptiongroup>=1.0.2 in /opt/conda/lib/python3.10/site-packages (from anyio->httpx<1,>=0.23.0->huggingface_hub==1.8.0->-r /tmp/requirements.txt (line 161)) (1.1.1)
#9 221.0 Requirement already satisfied: MarkupSafe>=2.0 in /opt/conda/lib/python3.10/site-packages (from jinja2->torch>=1.13.0->scgpt==0.2.4->-r /tmp/requirements.txt (line 39)) (2.1.1)
#9 221.0 Requirement already satisfied: mpmath>=0.19 in /opt/conda/lib/python3.10/site-packages (from sympy->torch>=1.13.0->scgpt==0.2.4->-r /tmp/requirements.txt (line 39)) (1.3.0)
#9 221.1 Building wheels for collected packages: docrep, ml_collections, cell-gears
#9 221.1   Building wheel for docrep (setup.py): started
#9 221.4   Building wheel for docrep (setup.py): finished with status 'done'
#9 221.4   Created wheel for docrep: filename=docrep-0.3.2-py3-none-any.whl size=19877 sha256=d8660a8a847043f231ab24795a439f4c0b9578a0fe58e2f902dc5ed3ec343be7
#9 221.4   Stored in directory: /tmp/pip-ephem-wheel-cache-mvkv0v15/wheels/c3/64/48/03c38d8d906159eaa210b3c548fdb590eb3e2a4a5745ae2172
#9 221.4   Building wheel for ml_collections (setup.py): started
#9 221.7   Building wheel for ml_collections (setup.py): finished with status 'done'
#9 221.7   Created wheel for ml_collections: filename=ml_collections-0.1.1-py3-none-any.whl size=94506 sha256=b9e4faafb1baf9888347ab507b1cf331768e80f4711de8f39623d288f91c53a4
#9 221.7   Stored in directory: /tmp/pip-ephem-wheel-cache-mvkv0v15/wheels/7b/89/c9/a9b87790789e94aadcfc393c283e3ecd5ab916aed0a31be8fe
#9 221.7   Building wheel for cell-gears (setup.py): started
#9 222.0   Building wheel for cell-gears (setup.py): finished with status 'done'
#9 222.0   Created wheel for cell-gears: filename=cell_gears-0.0.2-py3-none-any.whl size=27809 sha256=07720948ff838e53d99ee1bdd2797c0c85b3081af91010bdfc5b506e8fe7ea3c
#9 222.0   Stored in directory: /tmp/pip-ephem-wheel-cache-mvkv0v15/wheels/34/b3/b0/c74d31453a56cd3410980f663cd971fce8ab1ad68e969a5aa2
#9 222.0 Successfully built docrep ml_collections cell-gears
#9 223.5 Installing collected packages: texttable, pytz, pyro-api, multipledispatch, faiss-gpu, zipp, xxhash, wrapt, urllib3, tzdata, typing_extensions, tqdm, threadpoolctl, stdlib_list, smmap, six, shellingham, PyYAML, pyparsing, pyarrow, protobuf, propcache, platformdirs, packaging, overrides, opt_einsum, numpy, nest_asyncio, natsort, msgpack, mdurl, llvmlite, legacy-api-wrap, lark, kiwisolver, joblib, importlib_resources, igraph, idna, humanize, hf-xet, h11, fsspec, frozenlist, fonttools, filelock, etils, et_xmlfile, einops, dill, cycler, contextlib2, click, charset-normalizer, certifi, cached-property, async-timeout, array-api-compat, annotated-types, aiohappyeyeballs, absl-py, typing-inspection, session-info, sentry-sdk, scipy, scikit-misc, requests, python-igraph, python-dateutil, pydot, pydantic_core, patsy, openpyxl, numba, multiprocess, multidict, ml_dtypes, ml_collections, markdown-it-py, lightning-utilities, leidenalg, httpcore, h5py, gitdb, docrep, Deprecated, contourpy, anyio, aiosignal, yarl, torchmetrics, tensorstore, scikit-learn, rich, pyro-ppl, pydantic, pandas, matplotlib, jaxlib, httpx, GitPython, dcor, wandb, typer, statsmodels, seaborn, pynndescent, jax, gdown, anndata, aiohttp, umap-learn, orbax-checkpoint, orbax, numpyro, mudata, huggingface_hub, chex, scanpy, pytorch-lightning, optax, datasets, scib, flax, cell-gears, scvi-tools, scgpt
#9 223.5   Attempting uninstall: pytz
#9 223.5     Found existing installation: pytz 2022.7
#9 223.5     Uninstalling pytz-2022.7:
#9 223.6       Successfully uninstalled pytz-2022.7
#9 224.7   Attempting uninstall: urllib3
#9 224.7     Found existing installation: urllib3 1.26.15
#9 224.7     Uninstalling urllib3-1.26.15:
#9 224.7       Successfully uninstalled urllib3-1.26.15
#9 224.8   Attempting uninstall: typing_extensions
#9 224.8     Found existing installation: typing_extensions 4.5.0
#9 224.8     Uninstalling typing_extensions-4.5.0:
#9 224.9       Successfully uninstalled typing_extensions-4.5.0
#9 224.9   Attempting uninstall: tqdm
#9 224.9     Found existing installation: tqdm 4.65.0
#9 224.9     Uninstalling tqdm-4.65.0:
#9 224.9       Successfully uninstalled tqdm-4.65.0
#9 225.0   Attempting uninstall: six
#9 225.0     Found existing installation: six 1.16.0
#9 225.0     Uninstalling six-1.16.0:
#9 225.1       Successfully uninstalled six-1.16.0
#9 225.1   Attempting uninstall: PyYAML
#9 225.1     Found existing installation: PyYAML 6.0
#9 225.1     Uninstalling PyYAML-6.0:
#9 225.1       Successfully uninstalled PyYAML-6.0
#9 226.3   Attempting uninstall: packaging
#9 226.3     Found existing installation: packaging 23.0
#9 226.3     Uninstalling packaging-23.0:
#9 226.3       Successfully uninstalled packaging-23.0
#9 226.4   Attempting uninstall: numpy
#9 226.4     Found existing installation: numpy 1.24.3
#9 226.5     Uninstalling numpy-1.24.3:
#9 226.6       Successfully uninstalled numpy-1.24.3
#9 229.2   Attempting uninstall: idna
#9 229.2     Found existing installation: idna 3.4
#9 229.2     Uninstalling idna-3.4:
#9 229.2       Successfully uninstalled idna-3.4
#9 230.1   Attempting uninstall: filelock
#9 230.1     Found existing installation: filelock 3.9.0
#9 230.1     Uninstalling filelock-3.9.0:
#9 230.1       Successfully uninstalled filelock-3.9.0
#9 230.3   Attempting uninstall: charset-normalizer
#9 230.3     Found existing installation: charset-normalizer 2.0.4
#9 230.3     Uninstalling charset-normalizer-2.0.4:
#9 230.3       Successfully uninstalled charset-normalizer-2.0.4
#9 230.3   Attempting uninstall: certifi
#9 230.3     Found existing installation: certifi 2023.5.7
#9 230.3     Uninstalling certifi-2023.5.7:
#9 230.3       Successfully uninstalled certifi-2023.5.7
#9 233.3   Attempting uninstall: requests
#9 233.3     Found existing installation: requests 2.29.0
#9 233.3     Uninstalling requests-2.29.0:
#9 233.4       Successfully uninstalled requests-2.29.0
#9 251.2 ERROR: pip's dependency resolver does not currently take into account all the packages that are installed. This behaviour is the source of the following dependency conflicts.
#9 251.2 triton 2.0.0 requires cmake, which is not installed.
#9 251.2 triton 2.0.0 requires lit, which is not installed.
#9 251.2 Successfully installed Deprecated-1.3.1 GitPython-3.1.50 PyYAML-6.0.1 absl-py-2.4.0 aiohappyeyeballs-2.6.2 aiohttp-3.14.1 aiosignal-1.4.0 anndata-0.9.2 annotated-types-0.7.0 anyio-4.14.1 array-api-compat-1.11.2 async-timeout-5.0.1 cached-property-2.0.1 cell-gears-0.0.2 certifi-2025.11.12 charset-normalizer-3.4.4 chex-0.1.90 click-8.4.2 contextlib2-21.6.0 contourpy-1.3.0 cycler-0.12.1 datasets-2.21.0 dcor-0.6 dill-0.3.8 docrep-0.3.2 einops-0.8.2 et_xmlfile-2.0.0 etils-1.5.2 faiss-gpu-1.7.2 filelock-3.19.1 flax-0.8.5 fonttools-4.60.2 frozenlist-1.8.0 fsspec-2024.6.1 gdown-5.2.2 gitdb-4.0.12 h11-0.16.0 h5py-3.14.0 hf-xet-1.5.0 httpcore-1.0.9 httpx-0.28.1 huggingface_hub-1.8.0 humanize-4.13.0 idna-3.10 igraph-1.0.0 importlib_resources-7.1.0 jax-0.4.30 jaxlib-0.4.30 joblib-1.5.3 kiwisolver-1.4.7 lark-1.3.1 legacy-api-wrap-1.5 leidenalg-0.12.0 lightning-utilities-0.15.2 llvmlite-0.43.0 markdown-it-py-3.0.0 matplotlib-3.9.4 mdurl-0.1.2 ml_collections-0.1.1 ml_dtypes-0.5.4 msgpack-1.1.2 mudata-0.2.3 multidict-6.7.1 multipledispatch-1.0.0 multiprocess-0.70.16 natsort-8.4.0 nest_asyncio-1.6.0 numba-0.60.0 numpy-1.26.4 numpyro-0.19.0 openpyxl-3.1.5 opt_einsum-3.4.0 optax-0.2.4 orbax-0.1.7 orbax-checkpoint-0.6.4 overrides-7.7.0 packaging-26.2 pandas-2.3.3 patsy-1.0.2 platformdirs-4.10.0 propcache-0.5.2 protobuf-6.33.6 pyarrow-21.0.0 pydantic-2.13.4 pydantic_core-2.46.4 pydot-4.0.1 pynndescent-0.6.0 pyparsing-3.3.2 pyro-api-0.1.2 pyro-ppl-1.9.1 python-dateutil-2.9.0.post0 python-igraph-1.0.0 pytorch-lightning-1.9.5 pytz-2025.2 requests-2.32.5 rich-15.0.0 scanpy-1.10.3 scgpt-0.2.4 scib-1.1.7 scikit-learn-1.6.1 scikit-misc-0.3.1 scipy-1.13.1 scvi-tools-0.20.3 seaborn-0.13.2 sentry-sdk-2.61.1 session-info-1.0.1 shellingham-1.5.4 six-1.17.0 smmap-5.0.3 statsmodels-0.14.6 stdlib_list-0.12.0 tensorstore-0.1.69 texttable-1.7.0 threadpoolctl-3.6.0 torchmetrics-1.8.2 tqdm-4.67.3 typer-0.12.5 typing-inspection-0.4.2 typing_extensions-4.15.0 tzdata-2026.2 umap-learn-0.5.12 urllib3-2.6.0 wandb-0.21.4 wrapt-1.17.3 xxhash-3.7.0 yarl-1.24.2 zipp-4.1.0
#9 251.2 WARNING: Running pip as the 'root' user can result in broken permissions and conflicting behaviour with the system package manager. It is recommended to use a virtual environment instead: https://pip.pypa.io/warnings/venv
#9 DONE 252.4s

#10 [ 6/10] RUN pip install --no-cache-dir torchtext==0.15.2     --index-url https://download.pytorch.org/whl/cu117     --extra-index-url https://pypi.org/simple
#10 0.421 Looking in indexes: https://download.pytorch.org/whl/cu117, https://pypi.org/simple
#10 0.421 Requirement already satisfied: torchtext==0.15.2 in /opt/conda/lib/python3.10/site-packages (0.15.2)
#10 0.423 Requirement already satisfied: tqdm in /opt/conda/lib/python3.10/site-packages (from torchtext==0.15.2) (4.67.3)
#10 0.424 Requirement already satisfied: requests in /opt/conda/lib/python3.10/site-packages (from torchtext==0.15.2) (2.32.5)
#10 0.424 Requirement already satisfied: torch in /opt/conda/lib/python3.10/site-packages (from torchtext==0.15.2) (2.0.1)
#10 0.424 Requirement already satisfied: numpy in /opt/conda/lib/python3.10/site-packages (from torchtext==0.15.2) (1.26.4)
#10 0.424 Requirement already satisfied: torchdata in /opt/conda/lib/python3.10/site-packages (from torchtext==0.15.2) (0.6.1)
#10 0.431 Requirement already satisfied: certifi>=2017.4.17 in /opt/conda/lib/python3.10/site-packages (from requests->torchtext==0.15.2) (2025.11.12)
#10 0.432 Requirement already satisfied: idna<4,>=2.5 in /opt/conda/lib/python3.10/site-packages (from requests->torchtext==0.15.2) (3.10)
#10 0.432 Requirement already satisfied: charset_normalizer<4,>=2 in /opt/conda/lib/python3.10/site-packages (from requests->torchtext==0.15.2) (3.4.4)
#10 0.433 Requirement already satisfied: urllib3<3,>=1.21.1 in /opt/conda/lib/python3.10/site-packages (from requests->torchtext==0.15.2) (2.6.0)
#10 0.436 Requirement already satisfied: filelock in /opt/conda/lib/python3.10/site-packages (from torch->torchtext==0.15.2) (3.19.1)
#10 0.436 Requirement already satisfied: typing-extensions in /opt/conda/lib/python3.10/site-packages (from torch->torchtext==0.15.2) (4.15.0)
#10 0.436 Requirement already satisfied: sympy in /opt/conda/lib/python3.10/site-packages (from torch->torchtext==0.15.2) (1.12)
#10 0.436 Requirement already satisfied: networkx in /opt/conda/lib/python3.10/site-packages (from torch->torchtext==0.15.2) (3.1)
#10 0.437 Requirement already satisfied: jinja2 in /opt/conda/lib/python3.10/site-packages (from torch->torchtext==0.15.2) (3.1.2)
#10 0.460 Requirement already satisfied: MarkupSafe>=2.0 in /opt/conda/lib/python3.10/site-packages (from jinja2->torch->torchtext==0.15.2) (2.1.1)
#10 0.476 Requirement already satisfied: mpmath>=0.19 in /opt/conda/lib/python3.10/site-packages (from sympy->torch->torchtext==0.15.2) (1.3.0)
#10 1.906 WARNING: Running pip as the 'root' user can result in broken permissions and conflicting behaviour with the system package manager. It is recommended to use a virtual environment instead: https://pip.pypa.io/warnings/venv
#10 DONE 2.8s

#11 [ 7/10] RUN pip install --no-cache-dir ninja
#11 0.527 Collecting ninja
#11 0.564   Downloading ninja-1.13.0-py3-none-manylinux2014_x86_64.manylinux_2_17_x86_64.whl (180 kB)
#11 0.572      ━━━━━━━━━━━━━━━━━━━━━━━━━━━━━━━━━━━━━━ 180.7/180.7 kB 33.7 MB/s eta 0:00:00
#11 2.011 Installing collected packages: ninja
#11 2.047 Successfully installed ninja-1.13.0
#11 2.047 WARNING: Running pip as the 'root' user can result in broken permissions and conflicting behaviour with the system package manager. It is recommended to use a virtual environment instead: https://pip.pypa.io/warnings/venv
#11 DONE 2.2s

#12 [ 8/10] RUN pip install flash-attn==1.0.4 --no-build-isolation
#12 0.510 Collecting flash-attn==1.0.4
#12 0.549   Downloading flash_attn-1.0.4.tar.gz (2.0 MB)
#12 0.608      ━━━━━━━━━━━━━━━━━━━━━━━━━━━━━━━━━━━━━━━━ 2.0/2.0 MB 36.1 MB/s eta 0:00:00
#12 0.978   Preparing metadata (setup.py): started
#12 3.049   Preparing metadata (setup.py): finished with status 'done'
#12 3.053 Requirement already satisfied: torch in /opt/conda/lib/python3.10/site-packages (from flash-attn==1.0.4) (2.0.1)
#12 3.053 Requirement already satisfied: einops in /opt/conda/lib/python3.10/site-packages (from flash-attn==1.0.4) (0.8.2)
#12 3.053 Requirement already satisfied: packaging in /opt/conda/lib/python3.10/site-packages (from flash-attn==1.0.4) (26.2)
#12 3.057 Requirement already satisfied: filelock in /opt/conda/lib/python3.10/site-packages (from torch->flash-attn==1.0.4) (3.19.1)
#12 3.058 Requirement already satisfied: typing-extensions in /opt/conda/lib/python3.10/site-packages (from torch->flash-attn==1.0.4) (4.15.0)
#12 3.058 Requirement already satisfied: sympy in /opt/conda/lib/python3.10/site-packages (from torch->flash-attn==1.0.4) (1.12)
#12 3.058 Requirement already satisfied: networkx in /opt/conda/lib/python3.10/site-packages (from torch->flash-attn==1.0.4) (3.1)
#12 3.059 Requirement already satisfied: jinja2 in /opt/conda/lib/python3.10/site-packages (from torch->flash-attn==1.0.4) (3.1.2)
#12 3.061 Requirement already satisfied: MarkupSafe>=2.0 in /opt/conda/lib/python3.10/site-packages (from jinja2->torch->flash-attn==1.0.4) (2.1.1)
#12 3.077 Requirement already satisfied: mpmath>=0.19 in /opt/conda/lib/python3.10/site-packages (from sympy->torch->flash-attn==1.0.4) (1.3.0)
#12 3.084 Building wheels for collected packages: flash-attn
#12 3.085   Building wheel for flash-attn (setup.py): started
#12 77.80   Building wheel for flash-attn (setup.py): still running...
#12 138.4   Building wheel for flash-attn (setup.py): still running...
#12 234.5   Building wheel for flash-attn (setup.py): still running...
#12 297.5   Building wheel for flash-attn (setup.py): still running...
#12 303.7   Building wheel for flash-attn (setup.py): finished with status 'done'
#12 303.8   Created wheel for flash-attn: filename=flash_attn-1.0.4-cp310-cp310-linux_x86_64.whl size=46791832 sha256=d24fdc575e01c6e856d56eb6aae7649990f31233a8f43bf8535395144f352077
#12 303.8   Stored in directory: /tmp/pip-ephem-wheel-cache-yzit6da4/wheels/4e/50/c1/e08a34b54b55043120df0c20a690f0f75a36e013349399acc1
#12 303.8 Successfully built flash-attn
#12 305.3 Installing collected packages: flash-attn
#12 305.9 Successfully installed flash-attn-1.0.4
#12 305.9 WARNING: Running pip as the 'root' user can result in broken permissions and conflicting behaviour with the system package manager. It is recommended to use a virtual environment instead: https://pip.pypa.io/warnings/venv
#12 DONE 306.1s

#13 [ 9/10] RUN python -c "import torch; print('torch', torch.__version__, torch.version.cuda)"     && python -c "import flash_attn; print('flash_attn ok')"     && python -c "import scgpt; print('scgpt ok')"     && python -c "from scgpt.tokenizer.gene_tokenizer import GeneVocab; print('scgpt tokenizer (torchtext 의존) ok')"     && python -c "import scanpy; print('scanpy', scanpy.__version__)"     && python -c "import anndata; print('anndata', anndata.__version__)"
#13 1.327 torch 2.0.1 11.7
#13 1.580 flash_attn ok
#13 5.003 scgpt ok
#13 8.906 scgpt tokenizer (torchtext 의존) ok
#13 12.06 scanpy 1.10.3
#13 14.31 anndata 0.9.2
#13 DONE 14.6s

#14 [10/10] COPY src/ /workspace/src/
#14 DONE 0.0s

#15 exporting to image
#15 exporting layers
#15 exporting layers 6.7s done
#15 writing image sha256:fa3a2e6c4e61f6d37000c06a5c8e535086ade9fae6a8f8fe95c811bd45b92f1c done
#15 naming to docker.io/library/scgpt-toolkit:v0.1 done
#15 DONE 6.7s
